{"log":"Message: Exception when sending a subscription act to backoffice\n","stream":"stdout","attrs":{"log_format":"mylab","tag":"infonot-subscription-backoffice-act-sender-task"},"time":"2023-01-31T13:17:00.833746728Z"}
{"log":"Time: 2023-01-31T16:17:00.832\n","stream":"stdout","attrs":{"log_format":"mylab","tag":"infonot-subscription-backoffice-act-sender-task"},"time":"2023-01-31T13:17:00.833772217Z"}
{"log":"Labels:\n","stream":"stdout","attrs":{"log_format":"mylab","tag":"infonot-subscription-backoffice-act-sender-task"},"time":"2023-01-31T13:17:00.833778772Z"}
{"log":"  log-level: error\n","stream":"stdout","attrs":{"log_format":"mylab","tag":"infonot-subscription-backoffice-act-sender-task"},"time":"2023-01-31T13:17:00.833782623Z"}
{"log":"  test-label: value\n","stream":"stdout","attrs":{"log_format":"mylab","tag":"infonot-subscription-backoffice-act-sender-task"},"time":"2023-01-31T13:17:00.833782623Z"}
{"log":"Facts:\n","stream":"stdout","attrs":{"log_format":"mylab","tag":"infonot-subscription-backoffice-act-sender-task"},"time":"2023-01-31T13:17:00.833786466Z"}
{"log":"  sub.id: 22608\n","stream":"stdout","attrs":{"log_format":"mylab","tag":"infonot-subscription-backoffice-act-sender-task"},"time":"2023-01-31T13:17:00.833790029Z"}
{"log":"  sub.size: 500\n","stream":"stdout","attrs":{"log_format":"mylab","tag":"infonot-subscription-backoffice-act-sender-task"},"time":"2023-01-31T13:17:00.833793703Z"}
{"log":"  log-category: BackofficeActSender.Services.ActSenderTask\n","stream":"stdout","attrs":{"log_format":"mylab","tag":"infonot-subscription-backoffice-act-sender-task"},"time":"2023-01-31T13:17:00.833797444Z"}
{"log":"  req-id: 0HMO30UHTLUVL:00000001\n","stream":"stdout","attrs":{"log_format":"mylab","tag":"infonot-subscription-backoffice-act-sender-task"},"time":"2023-01-31T13:17:00.833811757Z"}
{"log":"  trace-id: 487689e025eb18904b4791576c22e843\n","stream":"stdout","attrs":{"log_format":"mylab","tag":"infonot-subscription-backoffice-act-sender-task"},"time":"2023-01-31T13:17:00.833815719Z"}
{"log":"Exception:\n","stream":"stdout","attrs":{"log_format":"mylab","tag":"infonot-subscription-backoffice-act-sender-task"},"time":"2023-01-31T13:17:00.833819339Z"}
{"log":"  Message: 400(BadRequest). Bad Request.\n","stream":"stdout","attrs":{"log_format":"mylab","tag":"infonot-subscription-backoffice-act-sender-task"},"time":"2023-01-31T13:17:00.833822741Z"}
{"log":"  Type: MyLab.ApiClient.ResponseCodeException\n","stream":"stdout","attrs":{"log_format":"mylab","tag":"infonot-subscription-backoffice-act-sender-task"},"time":"2023-01-31T13:17:00.833826221Z"}
{"log":"  StackTrace: \u003e2-\n","stream":"stdout","attrs":{"log_format":"mylab","tag":"infonot-subscription-backoffice-act-sender-task"},"time":"2023-01-31T13:17:00.833829657Z"}
{"log":"       at MyLab.ApiClient.CallDetails.ThrowIfUnexpectedStatusCode()\n","stream":"stdout","attrs":{"log_format":"mylab","tag":"infonot-subscription-backoffice-act-sender-task"},"time":"2023-01-31T13:17:00.833833343Z"}
{"log":"       at MyLab.ApiClient.ApiProxy`1.CallAndObserve[T](MethodInfo targetMethod, Object[] args)\n","stream":"stdout","attrs":{"log_format":"mylab","tag":"infonot-subscription-backoffice-act-sender-task"},"time":"2023-01-31T13:17:00.833836895Z"}
{"log":"       at BackofficeActSender.Services.ActSenderTask.\u003c\u003ec__DisplayClass6_2.\u003c\u003cPerform\u003eb__4\u003ed.MoveNext() in /builds/triasoft/infonot/subscription-api/src/BackofficeActSender/Services/ActSenderTask.cs:line 98\n","stream":"stdout","attrs":{"log_format":"mylab","tag":"infonot-subscription-backoffice-act-sender-task"},"time":"2023-01-31T13:17:00.833840591Z"}
{"log":"    --- End of stack trace from previous location where exception was thrown ---\n","stream":"stdout","attrs":{"log_format":"mylab","tag":"infonot-subscription-backoffice-act-sender-task"},"time":"2023-01-31T13:17:00.833844877Z"}
{"log":"       at MyLab.Db.DataConnectionExtensions.PerformAutoTransactionAsync(DataConnection dataConnection, Func`2 func)\n","stream":"stdout","attrs":{"log_format":"mylab","tag":"infonot-subscription-backoffice-act-sender-task"},"time":"2023-01-31T13:17:00.833848434Z"}
{"log":"       at BackofficeActSender.Services.ActSenderTask.Perform(CancellationToken cancellationToken) in /builds/triasoft/infonot/subscription-api/src/BackofficeActSender/Services/ActSenderTask.cs:line 99\n","stream":"stdout","attrs":{"log_format":"mylab","tag":"infonot-subscription-backoffice-act-sender-task"},"time":"2023-01-31T13:17:00.833852083Z"}
{"log":"\n","stream":"stdout","attrs":{"log_format":"mylab","tag":"infonot-subscription-backoffice-act-sender-task"},"time":"2023-01-31T13:17:00.83386264Z"}